Archive member included to satisfy reference by file (symbol)

c:/st/stm32cubeide_1.6.1/stm32cubeide/plugins/com.st.stm32cube.ide.mcu.externaltools.gnu-tools-for-stm32.9-2020-q2-update.win32_1.5.0.202011040924/tools/bin/../lib/gcc/arm-none-eabi/9.3.1/../../../../arm-none-eabi/lib/thumb/v7-m/nofp\libc_nano.a(lib_a-errno.o)
                              Core/Src/syscalls.o (__errno)
c:/st/stm32cubeide_1.6.1/stm32cubeide/plugins/com.st.stm32cube.ide.mcu.externaltools.gnu-tools-for-stm32.9-2020-q2-update.win32_1.5.0.202011040924/tools/bin/../lib/gcc/arm-none-eabi/9.3.1/../../../../arm-none-eabi/lib/thumb/v7-m/nofp\libc_nano.a(lib_a-exit.o)
                              c:/st/stm32cubeide_1.6.1/stm32cubeide/plugins/com.st.stm32cube.ide.mcu.externaltools.gnu-tools-for-stm32.9-2020-q2-update.win32_1.5.0.202011040924/tools/bin/../lib/gcc/arm-none-eabi/9.3.1/../../../../arm-none-eabi/lib/thumb/v7-m/nofp/crt0.o (exit)
c:/st/stm32cubeide_1.6.1/stm32cubeide/plugins/com.st.stm32cube.ide.mcu.externaltools.gnu-tools-for-stm32.9-2020-q2-update.win32_1.5.0.202011040924/tools/bin/../lib/gcc/arm-none-eabi/9.3.1/../../../../arm-none-eabi/lib/thumb/v7-m/nofp\libc_nano.a(lib_a-impure.o)
                              c:/st/stm32cubeide_1.6.1/stm32cubeide/plugins/com.st.stm32cube.ide.mcu.externaltools.gnu-tools-for-stm32.9-2020-q2-update.win32_1.5.0.202011040924/tools/bin/../lib/gcc/arm-none-eabi/9.3.1/../../../../arm-none-eabi/lib/thumb/v7-m/nofp\libc_nano.a(lib_a-exit.o) (_global_impure_ptr)
c:/st/stm32cubeide_1.6.1/stm32cubeide/plugins/com.st.stm32cube.ide.mcu.externaltools.gnu-tools-for-stm32.9-2020-q2-update.win32_1.5.0.202011040924/tools/bin/../lib/gcc/arm-none-eabi/9.3.1/../../../../arm-none-eabi/lib/thumb/v7-m/nofp\libc_nano.a(lib_a-init.o)
                              c:/st/stm32cubeide_1.6.1/stm32cubeide/plugins/com.st.stm32cube.ide.mcu.externaltools.gnu-tools-for-stm32.9-2020-q2-update.win32_1.5.0.202011040924/tools/bin/../lib/gcc/arm-none-eabi/9.3.1/../../../../arm-none-eabi/lib/thumb/v7-m/nofp/crt0.o (__libc_init_array)
c:/st/stm32cubeide_1.6.1/stm32cubeide/plugins/com.st.stm32cube.ide.mcu.externaltools.gnu-tools-for-stm32.9-2020-q2-update.win32_1.5.0.202011040924/tools/bin/../lib/gcc/arm-none-eabi/9.3.1/../../../../arm-none-eabi/lib/thumb/v7-m/nofp\libc_nano.a(lib_a-memset.o)
                              c:/st/stm32cubeide_1.6.1/stm32cubeide/plugins/com.st.stm32cube.ide.mcu.externaltools.gnu-tools-for-stm32.9-2020-q2-update.win32_1.5.0.202011040924/tools/bin/../lib/gcc/arm-none-eabi/9.3.1/../../../../arm-none-eabi/lib/thumb/v7-m/nofp/crt0.o (memset)

Allocating common symbols
Common symbol       size              file

hi2c2               0x54              Core/Src/main.o
uwTick              0x4               Drivers/STM32F1xx_HAL_Driver/Src/stm32f1xx_hal.o
pFlash              0x20              Drivers/STM32F1xx_HAL_Driver/Src/stm32f1xx_hal_flash.o

Discarded input sections

 .text          0x0000000000000000        0x0 c:/st/stm32cubeide_1.6.1/stm32cubeide/plugins/com.st.stm32cube.ide.mcu.externaltools.gnu-tools-for-stm32.9-2020-q2-update.win32_1.5.0.202011040924/tools/bin/../lib/gcc/arm-none-eabi/9.3.1/thumb/v7-m/nofp/crti.o
 .data          0x0000000000000000        0x0 c:/st/stm32cubeide_1.6.1/stm32cubeide/plugins/com.st.stm32cube.ide.mcu.externaltools.gnu-tools-for-stm32.9-2020-q2-update.win32_1.5.0.202011040924/tools/bin/../lib/gcc/arm-none-eabi/9.3.1/thumb/v7-m/nofp/crti.o
 .bss           0x0000000000000000        0x0 c:/st/stm32cubeide_1.6.1/stm32cubeide/plugins/com.st.stm32cube.ide.mcu.externaltools.gnu-tools-for-stm32.9-2020-q2-update.win32_1.5.0.202011040924/tools/bin/../lib/gcc/arm-none-eabi/9.3.1/thumb/v7-m/nofp/crti.o
 .data          0x0000000000000000        0x4 c:/st/stm32cubeide_1.6.1/stm32cubeide/plugins/com.st.stm32cube.ide.mcu.externaltools.gnu-tools-for-stm32.9-2020-q2-update.win32_1.5.0.202011040924/tools/bin/../lib/gcc/arm-none-eabi/9.3.1/thumb/v7-m/nofp/crtbegin.o
 .text          0x0000000000000000       0x7c c:/st/stm32cubeide_1.6.1/stm32cubeide/plugins/com.st.stm32cube.ide.mcu.externaltools.gnu-tools-for-stm32.9-2020-q2-update.win32_1.5.0.202011040924/tools/bin/../lib/gcc/arm-none-eabi/9.3.1/../../../../arm-none-eabi/lib/thumb/v7-m/nofp/crt0.o
 .data          0x0000000000000000        0x0 c:/st/stm32cubeide_1.6.1/stm32cubeide/plugins/com.st.stm32cube.ide.mcu.externaltools.gnu-tools-for-stm32.9-2020-q2-update.win32_1.5.0.202011040924/tools/bin/../lib/gcc/arm-none-eabi/9.3.1/../../../../arm-none-eabi/lib/thumb/v7-m/nofp/crt0.o
 .bss           0x0000000000000000        0x0 c:/st/stm32cubeide_1.6.1/stm32cubeide/plugins/com.st.stm32cube.ide.mcu.externaltools.gnu-tools-for-stm32.9-2020-q2-update.win32_1.5.0.202011040924/tools/bin/../lib/gcc/arm-none-eabi/9.3.1/../../../../arm-none-eabi/lib/thumb/v7-m/nofp/crt0.o
[...]
Memory Configuration

Name             Origin             Length             Attributes
RAM              0x0000000020000000 0x0000000000005000 xrw
FLASH            0x0000000008000000 0x0000000000010000 xr
*default*        0x0000000000000000 0xffffffffffffffff

Linker script and memory map

LOAD c:/st/stm32cubeide_1.6.1/stm32cubeide/plugins/com.st.stm32cube.ide.mcu.externaltools.gnu-tools-for-stm32.9-2020-q2-update.win32_1.5.0.202011040924/tools/bin/../lib/gcc/arm-none-eabi/9.3.1/thumb/v7-m/nofp/crti.o
LOAD c:/st/stm32cubeide_1.6.1/stm32cubeide/plugins/com.st.stm32cube.ide.mcu.externaltools.gnu-tools-for-stm32.9-2020-q2-update.win32_1.5.0.202011040924/tools/bin/../lib/gcc/arm-none-eabi/9.3.1/thumb/v7-m/nofp/crtbegin.o
LOAD c:/st/stm32cubeide_1.6.1/stm32cubeide/plugins/com.st.stm32cube.ide.mcu.externaltools.gnu-tools-for-stm32.9-2020-q2-update.win32_1.5.0.202011040924/tools/bin/../lib/gcc/arm-none-eabi/9.3.1/../../../../arm-none-eabi/lib/thumb/v7-m/nofp/crt0.o
LOAD Core/Src/main.o
LOAD Core/Src/stm32f1xx_hal_msp.o
LOAD Core/Src/stm32f1xx_it.o
LOAD Core/Src/syscalls.o
LOAD Core/Src/sysmem.o
LOAD Core/Src/system_stm32f1xx.o
LOAD Core/Startup/startup_stm32f103c8tx.o
LOAD Drivers/STM32F1xx_HAL_Driver/Src/stm32f1xx_hal.o
LOAD Drivers/STM32F1xx_HAL_Driver/Src/stm32f1xx_hal_cortex.o
LOAD Drivers/STM32F1xx_HAL_Driver/Src/stm32f1xx_hal_dma.o
LOAD Drivers/STM32F1xx_HAL_Driver/Src/stm32f1xx_hal_exti.o
LOAD Drivers/STM32F1xx_HAL_Driver/Src/stm32f1xx_hal_flash.o
LOAD Drivers/STM32F1xx_HAL_Driver/Src/stm32f1xx_hal_flash_ex.o
LOAD Drivers/STM32F1xx_HAL_Driver/Src/stm32f1xx_hal_gpio.o
LOAD Drivers/STM32F1xx_HAL_Driver/Src/stm32f1xx_hal_gpio_ex.o
LOAD Drivers/STM32F1xx_HAL_Driver/Src/stm32f1xx_hal_i2c.o
LOAD Drivers/STM32F1xx_HAL_Driver/Src/stm32f1xx_hal_pwr.o
LOAD Drivers/STM32F1xx_HAL_Driver/Src/stm32f1xx_hal_rcc.o
LOAD Drivers/STM32F1xx_HAL_Driver/Src/stm32f1xx_hal_rcc_ex.o
LOAD Drivers/STM32F1xx_HAL_Driver/Src/stm32f1xx_hal_tim.o
LOAD Drivers/STM32F1xx_HAL_Driver/Src/stm32f1xx_hal_tim_ex.o
START GROUP
LOAD c:/st/stm32cubeide_1.6.1/stm32cubeide/plugins/com.st.stm32cube.ide.mcu.externaltools.gnu-tools-for-stm32.9-2020-q2-update.win32_1.5.0.202011040924/tools/bin/../lib/gcc/arm-none-eabi/9.3.1/../../../../arm-none-eabi/lib/thumb/v7-m/nofp\libc_nano.a
LOAD c:/st/stm32cubeide_1.6.1/stm32cubeide/plugins/com.st.stm32cube.ide.mcu.externaltools.gnu-tools-for-stm32.9-2020-q2-update.win32_1.5.0.202011040924/tools/bin/../lib/gcc/arm-none-eabi/9.3.1/../../../../arm-none-eabi/lib/thumb/v7-m/nofp\libm.a
END GROUP
START GROUP
LOAD c:/st/stm32cubeide_1.6.1/stm32cubeide/plugins/com.st.stm32cube.ide.mcu.externaltools.gnu-tools-for-stm32.9-2020-q2-update.win32_1.5.0.202011040924/tools/bin/../lib/gcc/arm-none-eabi/9.3.1/thumb/v7-m/nofp\libgcc.a
LOAD c:/st/stm32cubeide_1.6.1/stm32cubeide/plugins/com.st.stm32cube.ide.mcu.externaltools.gnu-tools-for-stm32.9-2020-q2-update.win32_1.5.0.202011040924/tools/bin/../lib/gcc/arm-none-eabi/9.3.1/../../../../arm-none-eabi/lib/thumb/v7-m/nofp\libc_nano.a
END GROUP
START GROUP
LOAD c:/st/stm32cubeide_1.6.1/stm32cubeide/plugins/com.st.stm32cube.ide.mcu.externaltools.gnu-tools-for-stm32.9-2020-q2-update.win32_1.5.0.202011040924/tools/bin/../lib/gcc/arm-none-eabi/9.3.1/thumb/v7-m/nofp\libgcc.a
LOAD c:/st/stm32cubeide_1.6.1/stm32cubeide/plugins/com.st.stm32cube.ide.mcu.externaltools.gnu-tools-for-stm32.9-2020-q2-update.win32_1.5.0.202011040924/tools/bin/../lib/gcc/arm-none-eabi/9.3.1/../../../../arm-none-eabi/lib/thumb/v7-m/nofp\libc_nano.a
LOAD c:/st/stm32cubeide_1.6.1/stm32cubeide/plugins/com.st.stm32cube.ide.mcu.externaltools.gnu-tools-for-stm32.9-2020-q2-update.win32_1.5.0.202011040924/tools/bin/../lib/gcc/arm-none-eabi/9.3.1/../../../../arm-none-eabi/lib/thumb/v7-m/nofp\libnosys.a
END GROUP
START GROUP
LOAD c:/st/stm32cubeide_1.6.1/stm32cubeide/plugins/com.st.stm32cube.ide.mcu.externaltools.gnu-tools-for-stm32.9-2020-q2-update.win32_1.5.0.202011040924/tools/bin/../lib/gcc/arm-none-eabi/9.3.1/thumb/v7-m/nofp\libgcc.a
LOAD c:/st/stm32cubeide_1.6.1/stm32cubeide/plugins/com.st.stm32cube.ide.mcu.externaltools.gnu-tools-for-stm32.9-2020-q2-update.win32_1.5.0.202011040924/tools/bin/../lib/gcc/arm-none-eabi/9.3.1/../../../../arm-none-eabi/lib/thumb/v7-m/nofp\libc_nano.a
LOAD c:/st/stm32cubeide_1.6.1/stm32cubeide/plugins/com.st.stm32cube.ide.mcu.externaltools.gnu-tools-for-stm32.9-2020-q2-update.win32_1.5.0.202011040924/tools/bin/../lib/gcc/arm-none-eabi/9.3.1/../../../../arm-none-eabi/lib/thumb/v7-m/nofp\libnosys.a
END GROUP
LOAD c:/st/stm32cubeide_1.6.1/stm32cubeide/plugins/com.st.stm32cube.ide.mcu.externaltools.gnu-tools-for-stm32.9-2020-q2-update.win32_1.5.0.202011040924/tools/bin/../lib/gcc/arm-none-eabi/9.3.1/thumb/v7-m/nofp/crtend.o
LOAD c:/st/stm32cubeide_1.6.1/stm32cubeide/plugins/com.st.stm32cube.ide.mcu.externaltools.gnu-tools-for-stm32.9-2020-q2-update.win32_1.5.0.202011040924/tools/bin/../lib/gcc/arm-none-eabi/9.3.1/thumb/v7-m/nofp/crtn.o
                0x0000000020005000                _estack = (ORIGIN (RAM) + LENGTH (RAM))
                0x0000000000000200                _Min_Heap_Size = 0x200
                0x0000000000000400                _Min_Stack_Size = 0x400

.isr_vector     0x0000000008000000      0x10c
                0x0000000008000000                . = ALIGN (0x4)
 *(.isr_vector)
 .isr_vector    0x0000000008000000      0x10c Core/Startup/startup_stm32f103c8tx.o
                0x0000000008000000                g_pfnVectors
                0x000000000800010c                . = ALIGN (0x4)

.text           0x000000000800010c      0xebc
                0x000000000800010c                . = ALIGN (0x4)
 *(.text)
 .text          0x000000000800010c       0x40 c:/st/stm32cubeide_1.6.1/stm32cubeide/plugins/com.st.stm32cube.ide.mcu.externaltools.gnu-tools-for-stm32.9-2020-q2-update.win32_1.5.0.202011040924/tools/bin/../lib/gcc/arm-none-eabi/9.3.1/thumb/v7-m/nofp/crtbegin.o
 *(.text*)
 .text.generate_start_bit
                0x000000000800014c       0x34 Core/Src/main.o
                0x000000000800014c                generate_start_bit
 .text.set_DR_register
                0x0000000008000180       0x24 Core/Src/main.o
                0x0000000008000180                set_DR_register
 .text.wait_ADDR
                0x00000000080001a4       0x24 Core/Src/main.o
                0x00000000080001a4                wait_ADDR
 .text.wait_DR_empty
                0x00000000080001c8       0x24 Core/Src/main.o
                0x00000000080001c8                wait_DR_empty
 .text.wait_DR_not_empty
                0x00000000080001ec       0x24 Core/Src/main.o
                0x00000000080001ec                wait_DR_not_empty
 .text.access_eeprom_data
                0x0000000008000210       0x94 Core/Src/main.o
                0x0000000008000210                access_eeprom_data
 .text.main     0x00000000080002a4       0xcc Core/Src/main.o
                0x00000000080002a4                main
 .text.SystemClock_Config
                0x0000000008000370       0x76 Core/Src/main.o
                0x0000000008000370                SystemClock_Config
 .text.Error_Handler
                0x00000000080003e6        0xa Core/Src/main.o
                0x00000000080003e6                Error_Handler
 .text.HAL_MspInit
                0x00000000080003f0       0x64 Core/Src/stm32f1xx_hal_msp.o
                0x00000000080003f0                HAL_MspInit
 .text.NMI_Handler
                0x0000000008000454        0x6 Core/Src/stm32f1xx_it.o
                0x0000000008000454                NMI_Handler
 .text.HardFault_Handler
                0x000000000800045a        0x6 Core/Src/stm32f1xx_it.o
                0x000000000800045a                HardFault_Handler
 .text.MemManage_Handler
                0x0000000008000460        0x6 Core/Src/stm32f1xx_it.o
                0x0000000008000460                MemManage_Handler
 .text.BusFault_Handler
                0x0000000008000466        0x6 Core/Src/stm32f1xx_it.o
                0x0000000008000466                BusFault_Handler
 .text.UsageFault_Handler
                0x000000000800046c        0x6 Core/Src/stm32f1xx_it.o
                0x000000000800046c                UsageFault_Handler
 .text.SVC_Handler
                0x0000000008000472        0xc Core/Src/stm32f1xx_it.o
                0x0000000008000472                SVC_Handler
 .text.DebugMon_Handler
                0x000000000800047e        0xc Core/Src/stm32f1xx_it.o
                0x000000000800047e                DebugMon_Handler
 .text.PendSV_Handler
                0x000000000800048a        0xc Core/Src/stm32f1xx_it.o
                0x000000000800048a                PendSV_Handler
 .text.SysTick_Handler
                0x0000000008000496        0xc Core/Src/stm32f1xx_it.o
                0x0000000008000496                SysTick_Handler
 .text.SystemInit
                0x00000000080004a2        0xc Core/Src/system_stm32f1xx.o
                0x00000000080004a2                SystemInit
 *fill*         0x00000000080004ae        0x2 
 .text.Reset_Handler
                0x00000000080004b0       0x48 Core/Startup/startup_stm32f103c8tx.o
                0x00000000080004b0                Reset_Handler
 .text.Default_Handler
                0x00000000080004f8        0x2 Core/Startup/startup_stm32f103c8tx.o
                0x00000000080004f8                RTC_Alarm_IRQHandler
                0x00000000080004f8                EXTI2_IRQHandler
                0x00000000080004f8                TIM1_CC_IRQHandler
                0x00000000080004f8                PVD_IRQHandler
                0x00000000080004f8                EXTI3_IRQHandler
                0x00000000080004f8                EXTI0_IRQHandler
                0x00000000080004f8                I2C2_EV_IRQHandler
                0x00000000080004f8                ADC1_2_IRQHandler
                0x00000000080004f8                SPI1_IRQHandler
                0x00000000080004f8                TAMPER_IRQHandler
                0x00000000080004f8                DMA1_Channel4_IRQHandler
                0x00000000080004f8                USART3_IRQHandler
                0x00000000080004f8                RTC_IRQHandler
                0x00000000080004f8                DMA1_Channel7_IRQHandler
                0x00000000080004f8                CAN1_RX1_IRQHandler
                0x00000000080004f8                TIM4_IRQHandler
                0x00000000080004f8                I2C1_EV_IRQHandler
                0x00000000080004f8                DMA1_Channel6_IRQHandler
                0x00000000080004f8                TIM3_IRQHandler
                0x00000000080004f8                RCC_IRQHandler
                0x00000000080004f8                TIM1_TRG_COM_IRQHandler
                0x00000000080004f8                DMA1_Channel1_IRQHandler
                0x00000000080004f8                Default_Handler
                0x00000000080004f8                EXTI15_10_IRQHandler
                0x00000000080004f8                EXTI9_5_IRQHandler
                0x00000000080004f8                SPI2_IRQHandler
                0x00000000080004f8                DMA1_Channel5_IRQHandler
                0x00000000080004f8                EXTI4_IRQHandler
                0x00000000080004f8                USB_LP_CAN1_RX0_IRQHandler
                0x00000000080004f8                USB_HP_CAN1_TX_IRQHandler
                0x00000000080004f8                DMA1_Channel3_IRQHandler
                0x00000000080004f8                TIM1_UP_IRQHandler
                0x00000000080004f8                WWDG_IRQHandler
                0x00000000080004f8                TIM2_IRQHandler
                0x00000000080004f8                TIM1_BRK_IRQHandler
                0x00000000080004f8                EXTI1_IRQHandler
                0x00000000080004f8                USART2_IRQHandler
                0x00000000080004f8                I2C2_ER_IRQHandler
                0x00000000080004f8                DMA1_Channel2_IRQHandler
                0x00000000080004f8                CAN1_SCE_IRQHandler
                0x00000000080004f8                FLASH_IRQHandler
                0x00000000080004f8                USART1_IRQHandler
                0x00000000080004f8                I2C1_ER_IRQHandler
                0x00000000080004f8                USBWakeUp_IRQHandler
 *fill*         0x00000000080004fa        0x2 
 .text.HAL_Init
                0x00000000080004fc       0x2c Drivers/STM32F1xx_HAL_Driver/Src/stm32f1xx_hal.o
                0x00000000080004fc                HAL_Init
 .text.HAL_InitTick
                0x0000000008000528       0x60 Drivers/STM32F1xx_HAL_Driver/Src/stm32f1xx_hal.o
                0x0000000008000528                HAL_InitTick
 .text.HAL_IncTick
                0x0000000008000588       0x24 Drivers/STM32F1xx_HAL_Driver/Src/stm32f1xx_hal.o
                0x0000000008000588                HAL_IncTick
 .text.HAL_GetTick
                0x00000000080005ac       0x14 Drivers/STM32F1xx_HAL_Driver/Src/stm32f1xx_hal.o
                0x00000000080005ac                HAL_GetTick
 .text.__NVIC_SetPriorityGrouping
                0x00000000080005c0       0x48 Drivers/STM32F1xx_HAL_Driver/Src/stm32f1xx_hal_cortex.o
 .text.__NVIC_GetPriorityGrouping
                0x0000000008000608       0x1c Drivers/STM32F1xx_HAL_Driver/Src/stm32f1xx_hal_cortex.o
 .text.__NVIC_SetPriority
                0x0000000008000624       0x54 Drivers/STM32F1xx_HAL_Driver/Src/stm32f1xx_hal_cortex.o
 .text.NVIC_EncodePriority
                0x0000000008000678       0x64 Drivers/STM32F1xx_HAL_Driver/Src/stm32f1xx_hal_cortex.o
 .text.SysTick_Config
                0x00000000080006dc       0x44 Drivers/STM32F1xx_HAL_Driver/Src/stm32f1xx_hal_cortex.o
 .text.HAL_NVIC_SetPriorityGrouping
                0x0000000008000720       0x16 Drivers/STM32F1xx_HAL_Driver/Src/stm32f1xx_hal_cortex.o
                0x0000000008000720                HAL_NVIC_SetPriorityGrouping
 .text.HAL_NVIC_SetPriority
                0x0000000008000736       0x38 Drivers/STM32F1xx_HAL_Driver/Src/stm32f1xx_hal_cortex.o
                0x0000000008000736                HAL_NVIC_SetPriority
 .text.HAL_SYSTICK_Config
                0x000000000800076e       0x18 Drivers/STM32F1xx_HAL_Driver/Src/stm32f1xx_hal_cortex.o
                0x000000000800076e                HAL_SYSTICK_Config
 *fill*         0x0000000008000786        0x2 
 .text.HAL_RCC_OscConfig
                0x0000000008000788      0x500 Drivers/STM32F1xx_HAL_Driver/Src/stm32f1xx_hal_rcc.o
                0x0000000008000788                HAL_RCC_OscConfig
 .text.HAL_RCC_ClockConfig
                0x0000000008000c88      0x1d4 Drivers/STM32F1xx_HAL_Driver/Src/stm32f1xx_hal_rcc.o
                0x0000000008000c88                HAL_RCC_ClockConfig
 .text.HAL_RCC_GetSysClockFreq
                0x0000000008000e5c       0xc0 Drivers/STM32F1xx_HAL_Driver/Src/stm32f1xx_hal_rcc.o
                0x0000000008000e5c                HAL_RCC_GetSysClockFreq
 .text.RCC_Delay
                0x0000000008000f1c       0x3c Drivers/STM32F1xx_HAL_Driver/Src/stm32f1xx_hal_rcc.o
 .text.__libc_init_array
                0x0000000008000f58       0x48 c:/st/stm32cubeide_1.6.1/stm32cubeide/plugins/com.st.stm32cube.ide.mcu.externaltools.gnu-tools-for-stm32.9-2020-q2-update.win32_1.5.0.202011040924/tools/bin/../lib/gcc/arm-none-eabi/9.3.1/../../../../arm-none-eabi/lib/thumb/v7-m/nofp\libc_nano.a(lib_a-init.o)
                0x0000000008000f58                __libc_init_array
 .text.memset   0x0000000008000fa0       0x10 c:/st/stm32cubeide_1.6.1/stm32cubeide/plugins/com.st.stm32cube.ide.mcu.externaltools.gnu-tools-for-stm32.9-2020-q2-update.win32_1.5.0.202011040924/tools/bin/../lib/gcc/arm-none-eabi/9.3.1/../../../../arm-none-eabi/lib/thumb/v7-m/nofp\libc_nano.a(lib_a-memset.o)
                0x0000000008000fa0                memset
 *(.glue_7)
 .glue_7        0x0000000008000fb0        0x0 linker stubs
 *(.glue_7t)
 .glue_7t       0x0000000008000fb0        0x0 linker stubs
 *(.eh_frame)
 .eh_frame      0x0000000008000fb0        0x0 c:/st/stm32cubeide_1.6.1/stm32cubeide/plugins/com.st.stm32cube.ide.mcu.externaltools.gnu-tools-for-stm32.9-2020-q2-update.win32_1.5.0.202011040924/tools/bin/../lib/gcc/arm-none-eabi/9.3.1/thumb/v7-m/nofp/crtbegin.o
 *(.init)
 .init          0x0000000008000fb0        0x4 c:/st/stm32cubeide_1.6.1/stm32cubeide/plugins/com.st.stm32cube.ide.mcu.externaltools.gnu-tools-for-stm32.9-2020-q2-update.win32_1.5.0.202011040924/tools/bin/../lib/gcc/arm-none-eabi/9.3.1/thumb/v7-m/nofp/crti.o
                0x0000000008000fb0                _init
 .init          0x0000000008000fb4        0x8 c:/st/stm32cubeide_1.6.1/stm32cubeide/plugins/com.st.stm32cube.ide.mcu.externaltools.gnu-tools-for-stm32.9-2020-q2-update.win32_1.5.0.202011040924/tools/bin/../lib/gcc/arm-none-eabi/9.3.1/thumb/v7-m/nofp/crtn.o
 *(.fini)
 .fini          0x0000000008000fbc        0x4 c:/st/stm32cubeide_1.6.1/stm32cubeide/plugins/com.st.stm32cube.ide.mcu.externaltools.gnu-tools-for-stm32.9-2020-q2-update.win32_1.5.0.202011040924/tools/bin/../lib/gcc/arm-none-eabi/9.3.1/thumb/v7-m/nofp/crti.o
                0x0000000008000fbc                _fini
 .fini          0x0000000008000fc0        0x8 c:/st/stm32cubeide_1.6.1/stm32cubeide/plugins/com.st.stm32cube.ide.mcu.externaltools.gnu-tools-for-stm32.9-2020-q2-update.win32_1.5.0.202011040924/tools/bin/../lib/gcc/arm-none-eabi/9.3.1/thumb/v7-m/nofp/crtn.o
                0x0000000008000fc8                . = ALIGN (0x4)
                0x0000000008000fc8                _etext = .

.vfp11_veneer   0x0000000008000fc8        0x0
 .vfp11_veneer  0x0000000008000fc8        0x0 linker stubs

.v4_bx          0x0000000008000fc8        0x0
 .v4_bx         0x0000000008000fc8        0x0 linker stubs

.iplt           0x0000000008000fc8        0x0
 .iplt          0x0000000008000fc8        0x0 c:/st/stm32cubeide_1.6.1/stm32cubeide/plugins/com.st.stm32cube.ide.mcu.externaltools.gnu-tools-for-stm32.9-2020-q2-update.win32_1.5.0.202011040924/tools/bin/../lib/gcc/arm-none-eabi/9.3.1/thumb/v7-m/nofp/crtbegin.o

.rodata         0x0000000008000fc8       0x20
                0x0000000008000fc8                . = ALIGN (0x4)
 *(.rodata)
 .rodata        0x0000000008000fc8       0x10 Drivers/STM32F1xx_HAL_Driver/Src/stm32f1xx_hal_rcc.o
 *(.rodata*)
 .rodata.AHBPrescTable
                0x0000000008000fd8       0x10 Core/Src/system_stm32f1xx.o
                0x0000000008000fd8                AHBPrescTable
                0x0000000008000fe8                . = ALIGN (0x4)

.rel.dyn        0x0000000008000fe8        0x0
 .rel.iplt      0x0000000008000fe8        0x0 c:/st/stm32cubeide_1.6.1/stm32cubeide/plugins/com.st.stm32cube.ide.mcu.externaltools.gnu-tools-for-stm32.9-2020-q2-update.win32_1.5.0.202011040924/tools/bin/../lib/gcc/arm-none-eabi/9.3.1/thumb/v7-m/nofp/crtbegin.o

.ARM.extab      0x0000000008000fe8        0x0
                0x0000000008000fe8                . = ALIGN (0x4)
 *(.ARM.extab* .gnu.linkonce.armextab.*)
                0x0000000008000fe8                . = ALIGN (0x4)

.ARM            0x0000000008000fe8        0x0
                0x0000000008000fe8                . = ALIGN (0x4)
                0x0000000008000fe8                __exidx_start = .
 *(.ARM.exidx*)
                0x0000000008000fe8                __exidx_end = .
                0x0000000008000fe8                . = ALIGN (0x4)

.preinit_array  0x0000000008000fe8        0x0
                0x0000000008000fe8                . = ALIGN (0x4)
                0x0000000008000fe8                PROVIDE (__preinit_array_start = .)
 *(.preinit_array*)
                0x0000000008000fe8                PROVIDE (__preinit_array_end = .)
                0x0000000008000fe8                . = ALIGN (0x4)

.init_array     0x0000000008000fe8        0x4
                0x0000000008000fe8                . = ALIGN (0x4)
                0x0000000008000fe8                PROVIDE (__init_array_start = .)
 *(SORT_BY_NAME(.init_array.*))
 *(.init_array*)
 .init_array    0x0000000008000fe8        0x4 c:/st/stm32cubeide_1.6.1/stm32cubeide/plugins/com.st.stm32cube.ide.mcu.externaltools.gnu-tools-for-stm32.9-2020-q2-update.win32_1.5.0.202011040924/tools/bin/../lib/gcc/arm-none-eabi/9.3.1/thumb/v7-m/nofp/crtbegin.o
                0x0000000008000fec                PROVIDE (__init_array_end = .)
                0x0000000008000fec                . = ALIGN (0x4)

.fini_array     0x0000000008000fec        0x4
                0x0000000008000fec                . = ALIGN (0x4)
                [!provide]                        PROVIDE (__fini_array_start = .)
 *(SORT_BY_NAME(.fini_array.*))
 *(.fini_array*)
 .fini_array    0x0000000008000fec        0x4 c:/st/stm32cubeide_1.6.1/stm32cubeide/plugins/com.st.stm32cube.ide.mcu.externaltools.gnu-tools-for-stm32.9-2020-q2-update.win32_1.5.0.202011040924/tools/bin/../lib/gcc/arm-none-eabi/9.3.1/thumb/v7-m/nofp/crtbegin.o
                [!provide]                        PROVIDE (__fini_array_end = .)
                0x0000000008000ff0                . = ALIGN (0x4)
                0x0000000008000ff0                _sidata = LOADADDR (.data)

.data           0x0000000020000000       0x18 load address 0x0000000008000ff0
                0x0000000020000000                . = ALIGN (0x4)
                0x0000000020000000                _sdata = .
 *(.data)
 *(.data*)
 .data._RCC     0x0000000020000000        0x4 Core/Src/main.o
                0x0000000020000000                _RCC
 .data.I2C_2    0x0000000020000004        0x4 Core/Src/main.o
                0x0000000020000004                I2C_2
 .data.GPIO_B   0x0000000020000008        0x4 Core/Src/main.o
                0x0000000020000008                GPIO_B
 .data.SystemCoreClock
                0x000000002000000c        0x4 Core/Src/system_stm32f1xx.o
                0x000000002000000c                SystemCoreClock
 .data.uwTickPrio
                0x0000000020000010        0x4 Drivers/STM32F1xx_HAL_Driver/Src/stm32f1xx_hal.o
                0x0000000020000010                uwTickPrio
 .data.uwTickFreq
                0x0000000020000014        0x1 Drivers/STM32F1xx_HAL_Driver/Src/stm32f1xx_hal.o
                0x0000000020000014                uwTickFreq
 *(.RamFunc)
 *(.RamFunc*)
                0x0000000020000018                . = ALIGN (0x4)
 *fill*         0x0000000020000015        0x3 
                0x0000000020000018                _edata = .

.igot.plt       0x0000000020000018        0x0 load address 0x0000000008001008
 .igot.plt      0x0000000020000018        0x0 c:/st/stm32cubeide_1.6.1/stm32cubeide/plugins/com.st.stm32cube.ide.mcu.externaltools.gnu-tools-for-stm32.9-2020-q2-update.win32_1.5.0.202011040924/tools/bin/../lib/gcc/arm-none-eabi/9.3.1/thumb/v7-m/nofp/crtbegin.o
                0x0000000020000018                . = ALIGN (0x4)

.bss            0x0000000020000018       0x20 load address 0x0000000008001008
                0x0000000020000018                _sbss = .
                0x0000000020000018                __bss_start__ = _sbss
 *(.bss)
 .bss           0x0000000020000018       0x1c c:/st/stm32cubeide_1.6.1/stm32cubeide/plugins/com.st.stm32cube.ide.mcu.externaltools.gnu-tools-for-stm32.9-2020-q2-update.win32_1.5.0.202011040924/tools/bin/../lib/gcc/arm-none-eabi/9.3.1/thumb/v7-m/nofp/crtbegin.o
 *(.bss*)
 *(COMMON)
 COMMON         0x0000000020000034        0x4 Drivers/STM32F1xx_HAL_Driver/Src/stm32f1xx_hal.o
                0x0000000020000034                uwTick
                0x0000000020000038                . = ALIGN (0x4)
                0x0000000020000038                _ebss = .
                0x0000000020000038                __bss_end__ = _ebss

._user_heap_stack
                0x0000000020000038      0x600 load address 0x0000000008001008
                0x0000000020000038                . = ALIGN (0x8)
                [!provide]                        PROVIDE (end = .)
                0x0000000020000038                PROVIDE (_end = .)
                0x0000000020000238                . = (. + _Min_Heap_Size)
 *fill*         0x0000000020000038      0x200 
                0x0000000020000638                . = (. + _Min_Stack_Size)
 *fill*         0x0000000020000238      0x400 
                0x0000000020000638                . = ALIGN (0x8)

/DISCARD/
 libc.a(*)
 libm.a(*)
 libgcc.a(*)

.ARM.attributes
                0x0000000000000000       0x29
 *(.ARM.attributes)
 .ARM.attributes
                0x0000000000000000       0x1d c:/st/stm32cubeide_1.6.1/stm32cubeide/plugins/com.st.stm32cube.ide.mcu.externaltools.gnu-tools-for-stm32.9-2020-q2-update.win32_1.5.0.202011040924/tools/bin/../lib/gcc/arm-none-eabi/9.3.1/thumb/v7-m/nofp/crti.o
 .ARM.attributes
                0x000000000000001d       0x2d c:/st/stm32cubeide_1.6.1/stm32cubeide/plugins/com.st.stm32cube.ide.mcu.externaltools.gnu-tools-for-stm32.9-2020-q2-update.win32_1.5.0.202011040924/tools/bin/../lib/gcc/arm-none-eabi/9.3.1/thumb/v7-m/nofp/crtbegin.o
 .ARM.attributes
                0x000000000000004a       0x2d Core/Src/main.o
 .ARM.attributes
                0x0000000000000077       0x2d Core/Src/stm32f1xx_hal_msp.o
 .ARM.attributes
                0x00000000000000a4       0x2d Core/Src/stm32f1xx_it.o
 .ARM.attributes
                0x00000000000000d1       0x2d Core/Src/system_stm32f1xx.o
 .ARM.attributes
                0x00000000000000fe       0x21 Core/Startup/startup_stm32f103c8tx.o
 .ARM.attributes
                0x000000000000011f       0x2d Drivers/STM32F1xx_HAL_Driver/Src/stm32f1xx_hal.o
 .ARM.attributes
                0x000000000000014c       0x2d Drivers/STM32F1xx_HAL_Driver/Src/stm32f1xx_hal_cortex.o
 .ARM.attributes
                0x0000000000000179       0x2d Drivers/STM32F1xx_HAL_Driver/Src/stm32f1xx_hal_rcc.o
 .ARM.attributes
                0x00000000000001a6       0x2d c:/st/stm32cubeide_1.6.1/stm32cubeide/plugins/com.st.stm32cube.ide.mcu.externaltools.gnu-tools-for-stm32.9-2020-q2-update.win32_1.5.0.202011040924/tools/bin/../lib/gcc/arm-none-eabi/9.3.1/../../../../arm-none-eabi/lib/thumb/v7-m/nofp\libc_nano.a(lib_a-init.o)
 .ARM.attributes
                0x00000000000001d3       0x2d c:/st/stm32cubeide_1.6.1/stm32cubeide/plugins/com.st.stm32cube.ide.mcu.externaltools.gnu-tools-for-stm32.9-2020-q2-update.win32_1.5.0.202011040924/tools/bin/../lib/gcc/arm-none-eabi/9.3.1/../../../../arm-none-eabi/lib/thumb/v7-m/nofp\libc_nano.a(lib_a-memset.o)
 .ARM.attributes
                0x0000000000000200       0x1d c:/st/stm32cubeide_1.6.1/stm32cubeide/plugins/com.st.stm32cube.ide.mcu.externaltools.gnu-tools-for-stm32.9-2020-q2-update.win32_1.5.0.202011040924/tools/bin/../lib/gcc/arm-none-eabi/9.3.1/thumb/v7-m/nofp/crtn.o
OUTPUT(first_i2c.elf elf32-littlearm)
LOAD linker stubs
LOAD c:/st/stm32cubeide_1.6.1/stm32cubeide/plugins/com.st.stm32cube.ide.mcu.externaltools.gnu-tools-for-stm32.9-2020-q2-update.win32_1.5.0.202011040924/tools/bin/../lib/gcc/arm-none-eabi/9.3.1/../../../../arm-none-eabi/lib/thumb/v7-m/nofp\libc.a
LOAD c:/st/stm32cubeide_1.6.1/stm32cubeide/plugins/com.st.stm32cube.ide.mcu.externaltools.gnu-tools-for-stm32.9-2020-q2-update.win32_1.5.0.202011040924/tools/bin/../lib/gcc/arm-none-eabi/9.3.1/../../../../arm-none-eabi/lib/thumb/v7-m/nofp\libm.a
LOAD c:/st/stm32cubeide_1.6.1/stm32cubeide/plugins/com.st.stm32cube.ide.mcu.externaltools.gnu-tools-for-stm32.9-2020-q2-update.win32_1.5.0.202011040924/tools/bin/../lib/gcc/arm-none-eabi/9.3.1/thumb/v7-m/nofp\libgcc.a

.debug_info     0x0000000000000000     0x3ebe
 .debug_info    0x0000000000000000     0x1498 Core/Src/main.o
 .debug_info    0x0000000000001498      0x950 Core/Src/stm32f1xx_hal_msp.o
 .debug_info    0x0000000000001de8      0x222 Core/Src/stm32f1xx_it.o
 .debug_info    0x000000000000200a      0x2be Core/Src/system_stm32f1xx.o
 .debug_info    0x00000000000022c8       0x22 Core/Startup/startup_stm32f103c8tx.o
 .debug_info    0x00000000000022ea      0x76a Drivers/STM32F1xx_HAL_Driver/Src/stm32f1xx_hal.o
 .debug_info    0x0000000000002a54      0xbdc Drivers/STM32F1xx_HAL_Driver/Src/stm32f1xx_hal_cortex.o
 .debug_info    0x0000000000003630      0x88e Drivers/STM32F1xx_HAL_Driver/Src/stm32f1xx_hal_rcc.o

.debug_abbrev   0x0000000000000000      0xe55
 .debug_abbrev  0x0000000000000000      0x304 Core/Src/main.o
 .debug_abbrev  0x0000000000000304      0x1ac Core/Src/stm32f1xx_hal_msp.o
 .debug_abbrev  0x00000000000004b0       0xd2 Core/Src/stm32f1xx_it.o
 .debug_abbrev  0x0000000000000582      0x14e Core/Src/system_stm32f1xx.o
 .debug_abbrev  0x00000000000006d0       0x12 Core/Startup/startup_stm32f103c8tx.o
 .debug_abbrev  0x00000000000006e2      0x1ed Drivers/STM32F1xx_HAL_Driver/Src/stm32f1xx_hal.o
 .debug_abbrev  0x00000000000008cf      0x313 Drivers/STM32F1xx_HAL_Driver/Src/stm32f1xx_hal_cortex.o
 .debug_abbrev  0x0000000000000be2      0x273 Drivers/STM32F1xx_HAL_Driver/Src/stm32f1xx_hal_rcc.o

.debug_aranges  0x0000000000000000      0x3c0
 .debug_aranges
                0x0000000000000000       0x70 Core/Src/main.o
 .debug_aranges
                0x0000000000000070       0x30 Core/Src/stm32f1xx_hal_msp.o
 .debug_aranges
                0x00000000000000a0       0x60 Core/Src/stm32f1xx_it.o
 .debug_aranges
                0x0000000000000100       0x28 Core/Src/system_stm32f1xx.o
 .debug_aranges
                0x0000000000000128       0x28 Core/Startup/startup_stm32f103c8tx.o
 .debug_aranges
                0x0000000000000150       0xe0 Drivers/STM32F1xx_HAL_Driver/Src/stm32f1xx_hal.o
 .debug_aranges
                0x0000000000000230      0x100 Drivers/STM32F1xx_HAL_Driver/Src/stm32f1xx_hal_cortex.o
 .debug_aranges
                0x0000000000000330       0x90 Drivers/STM32F1xx_HAL_Driver/Src/stm32f1xx_hal_rcc.o

.debug_ranges   0x0000000000000000      0x348
 .debug_ranges  0x0000000000000000       0x60 Core/Src/main.o
 .debug_ranges  0x0000000000000060       0x20 Core/Src/stm32f1xx_hal_msp.o
 .debug_ranges  0x0000000000000080       0x50 Core/Src/stm32f1xx_it.o
 .debug_ranges  0x00000000000000d0       0x18 Core/Src/system_stm32f1xx.o
 .debug_ranges  0x00000000000000e8       0x20 Core/Startup/startup_stm32f103c8tx.o
 .debug_ranges  0x0000000000000108       0xd0 Drivers/STM32F1xx_HAL_Driver/Src/stm32f1xx_hal.o
 .debug_ranges  0x00000000000001d8       0xf0 Drivers/STM32F1xx_HAL_Driver/Src/stm32f1xx_hal_cortex.o
 .debug_ranges  0x00000000000002c8       0x80 Drivers/STM32F1xx_HAL_Driver/Src/stm32f1xx_hal_rcc.o

.debug_macro    0x0000000000000000    0x1617c
 .debug_macro   0x0000000000000000      0x266 Core/Src/main.o
 .debug_macro   0x0000000000000266      0xa9c Core/Src/main.o
 .debug_macro   0x0000000000000d02      0x215 Core/Src/main.o
 .debug_macro   0x0000000000000f17       0x2e Core/Src/main.o
 .debug_macro   0x0000000000000f45       0x22 Core/Src/main.o
 .debug_macro   0x0000000000000f67       0x22 Core/Src/main.o
 .debug_macro   0x0000000000000f89       0x8e Core/Src/main.o
 .debug_macro   0x0000000000001017       0x51 Core/Src/main.o
 .debug_macro   0x0000000000001068      0x103 Core/Src/main.o
 .debug_macro   0x000000000000116b       0x6a Core/Src/main.o
 .debug_macro   0x00000000000011d5      0x1df Core/Src/main.o
 .debug_macro   0x00000000000013b4       0x1c Core/Src/main.o
 .debug_macro   0x00000000000013d0       0x22 Core/Src/main.o
 .debug_macro   0x00000000000013f2       0xc3 Core/Src/main.o
 .debug_macro   0x00000000000014b5      0xd23 Core/Src/main.o
 .debug_macro   0x00000000000021d8     0xe097 Core/Src/main.o
 .debug_macro   0x000000000001026f       0x43 Core/Src/main.o
 .debug_macro   0x00000000000102b2     0x3468 Core/Src/main.o
 .debug_macro   0x000000000001371a      0x174 Core/Src/main.o
 .debug_macro   0x000000000001388e       0x5c Core/Src/main.o
 .debug_macro   0x00000000000138ea      0x5be Core/Src/main.o
 .debug_macro   0x0000000000013ea8      0x289 Core/Src/main.o
 .debug_macro   0x0000000000014131      0x1cb Core/Src/main.o
 .debug_macro   0x00000000000142fc      0x114 Core/Src/main.o
 .debug_macro   0x0000000000014410      0x1b2 Core/Src/main.o
 .debug_macro   0x00000000000145c2       0x27 Core/Src/main.o
 .debug_macro   0x00000000000145e9      0x136 Core/Src/main.o
 .debug_macro   0x000000000001471f      0x1bc Core/Src/main.o
 .debug_macro   0x00000000000148db       0x34 Core/Src/main.o
 .debug_macro   0x000000000001490f       0x3c Core/Src/main.o
 .debug_macro   0x000000000001494b       0x57 Core/Src/main.o
 .debug_macro   0x00000000000149a2       0x88 Core/Src/main.o
 .debug_macro   0x0000000000014a2a      0x241 Core/Src/main.o
 .debug_macro   0x0000000000014c6b      0x287 Core/Src/main.o
 .debug_macro   0x0000000000014ef2      0x141 Core/Src/main.o
 .debug_macro   0x0000000000015033       0x83 Core/Src/main.o
 .debug_macro   0x00000000000150b6       0x52 Core/Src/main.o
 .debug_macro   0x0000000000015108       0x18 Core/Src/main.o
 .debug_macro   0x0000000000015120       0x3c Core/Src/main.o
 .debug_macro   0x000000000001515c       0x34 Core/Src/main.o
 .debug_macro   0x0000000000015190       0x16 Core/Src/main.o
 .debug_macro   0x00000000000151a6       0x43 Core/Src/main.o
 .debug_macro   0x00000000000151e9       0x34 Core/Src/main.o
 .debug_macro   0x000000000001521d       0x10 Core/Src/main.o
 .debug_macro   0x000000000001522d       0x58 Core/Src/main.o
 .debug_macro   0x0000000000015285       0x71 Core/Src/main.o
 .debug_macro   0x00000000000152f6       0x1c Core/Src/main.o
 .debug_macro   0x0000000000015312      0x12a Core/Src/main.o
 .debug_macro   0x000000000001543c      0x333 Core/Src/main.o
 .debug_macro   0x000000000001576f       0x10 Core/Src/main.o
 .debug_macro   0x000000000001577f       0x35 Core/Src/main.o
 .debug_macro   0x00000000000157b4       0x20 Core/Src/main.o
 .debug_macro   0x00000000000157d4      0x198 Core/Src/stm32f1xx_hal_msp.o
 .debug_macro   0x000000000001596c      0x1a2 Core/Src/stm32f1xx_it.o
 .debug_macro   0x0000000000015b0e      0x18e Core/Src/system_stm32f1xx.o
 .debug_macro   0x0000000000015c9c      0x1b2 Drivers/STM32F1xx_HAL_Driver/Src/stm32f1xx_hal.o
 .debug_macro   0x0000000000015e4e      0x18e Drivers/STM32F1xx_HAL_Driver/Src/stm32f1xx_hal_cortex.o
 .debug_macro   0x0000000000015fdc      0x1a0 Drivers/STM32F1xx_HAL_Driver/Src/stm32f1xx_hal_rcc.o

.debug_line     0x0000000000000000     0x3f72
 .debug_line    0x0000000000000000      0x9aa Core/Src/main.o
 .debug_line    0x00000000000009aa      0x696 Core/Src/stm32f1xx_hal_msp.o
 .debug_line    0x0000000000001040      0x70d Core/Src/stm32f1xx_it.o
 .debug_line    0x000000000000174d      0x6c9 Core/Src/system_stm32f1xx.o
 .debug_line    0x0000000000001e16       0x84 Core/Startup/startup_stm32f103c8tx.o
 .debug_line    0x0000000000001e9a      0x8f6 Drivers/STM32F1xx_HAL_Driver/Src/stm32f1xx_hal.o
 .debug_line    0x0000000000002790      0xade Drivers/STM32F1xx_HAL_Driver/Src/stm32f1xx_hal_cortex.o
 .debug_line    0x000000000000326e      0xd04 Drivers/STM32F1xx_HAL_Driver/Src/stm32f1xx_hal_rcc.o

.debug_str      0x0000000000000000    0x801bf
 .debug_str     0x0000000000000000    0x7f508 Core/Src/main.o
                                      0x7f92e (size before relaxing)
 .debug_str     0x000000000007f508       0xb4 Core/Src/stm32f1xx_hal_msp.o
                                      0x7c59a (size before relaxing)
 .debug_str     0x000000000007f5bc       0xbd Core/Src/stm32f1xx_it.o
                                      0x7c0e3 (size before relaxing)
 .debug_str     0x000000000007f679       0x52 Core/Src/system_stm32f1xx.o
                                      0x7c0b3 (size before relaxing)
 .debug_str     0x000000000007f6cb       0x36 Core/Startup/startup_stm32f103c8tx.o
                                         0x72 (size before relaxing)
 .debug_str     0x000000000007f701      0x56f Drivers/STM32F1xx_HAL_Driver/Src/stm32f1xx_hal.o
                                      0x7c744 (size before relaxing)
 .debug_str     0x000000000007fc70      0x300 Drivers/STM32F1xx_HAL_Driver/Src/stm32f1xx_hal_cortex.o
                                      0x7c74c (size before relaxing)
 .debug_str     0x000000000007ff70      0x24f Drivers/STM32F1xx_HAL_Driver/Src/stm32f1xx_hal_rcc.o
                                      0x7c4b0 (size before relaxing)

.comment        0x0000000000000000       0x53
 .comment       0x0000000000000000       0x53 Core/Src/main.o
                                         0x54 (size before relaxing)
 .comment       0x0000000000000053       0x54 Core/Src/stm32f1xx_hal_msp.o
 .comment       0x0000000000000053       0x54 Core/Src/stm32f1xx_it.o
 .comment       0x0000000000000053       0x54 Core/Src/system_stm32f1xx.o
 .comment       0x0000000000000053       0x54 Drivers/STM32F1xx_HAL_Driver/Src/stm32f1xx_hal.o
 .comment       0x0000000000000053       0x54 Drivers/STM32F1xx_HAL_Driver/Src/stm32f1xx_hal_cortex.o
 .comment       0x0000000000000053       0x54 Drivers/STM32F1xx_HAL_Driver/Src/stm32f1xx_hal_rcc.o

.debug_frame    0x0000000000000000      0xd1c
 .debug_frame   0x0000000000000000      0x17c Core/Src/main.o
 .debug_frame   0x000000000000017c       0x80 Core/Src/stm32f1xx_hal_msp.o
 .debug_frame   0x00000000000001fc      0x104 Core/Src/stm32f1xx_it.o
 .debug_frame   0x0000000000000300       0x58 Core/Src/system_stm32f1xx.o
 .debug_frame   0x0000000000000358      0x334 Drivers/STM32F1xx_HAL_Driver/Src/stm32f1xx_hal.o
 .debug_frame   0x000000000000068c      0x428 Drivers/STM32F1xx_HAL_Driver/Src/stm32f1xx_hal_cortex.o
 .debug_frame   0x0000000000000ab4      0x21c Drivers/STM32F1xx_HAL_Driver/Src/stm32f1xx_hal_rcc.o
 .debug_frame   0x0000000000000cd0       0x2c c:/st/stm32cubeide_1.6.1/stm32cubeide/plugins/com.st.stm32cube.ide.mcu.externaltools.gnu-tools-for-stm32.9-2020-q2-update.win32_1.5.0.202011040924/tools/bin/../lib/gcc/arm-none-eabi/9.3.1/../../../../arm-none-eabi/lib/thumb/v7-m/nofp\libc_nano.a(lib_a-init.o)
 .debug_frame   0x0000000000000cfc       0x20 c:/st/stm32cubeide_1.6.1/stm32cubeide/plugins/com.st.stm32cube.ide.mcu.externaltools.gnu-tools-for-stm32.9-2020-q2-update.win32_1.5.0.202011040924/tools/bin/../lib/gcc/arm-none-eabi/9.3.1/../../../../arm-none-eabi/lib/thumb/v7-m/nofp\libc_nano.a(lib_a-memset.o)
